c:\users\vanja\source\repos\uitpad\uitpad\x64\debug\vc143.pdb
c:\users\vanja\source\repos\uitpad\uitpad\x64\debug\vc143.idb
c:\users\vanja\source\repos\uitpad\uitpad\x64\debug\qrc_uitpad.obj
c:\users\vanja\source\repos\uitpad\uitpad\x64\debug\moc_uitpad.obj
c:\users\vanja\source\repos\uitpad\uitpad\x64\debug\spellchecker.obj
c:\users\vanja\source\repos\uitpad\uitpad\x64\debug\document.obj
c:\users\vanja\source\repos\uitpad\uitpad\x64\debug\aiassistant.obj
c:\users\vanja\source\repos\uitpad\uitpad\x64\debug\cppsyntaxhighlighter.obj
c:\users\vanja\source\repos\uitpad\uitpad\x64\debug\cppsyntaxrules.obj
c:\users\vanja\source\repos\uitpad\uitpad\x64\debug\settings.obj
c:\users\vanja\source\repos\uitpad\x64\debug\uitpad.exe
c:\users\vanja\source\repos\uitpad\x64\debug\uitpad.pdb
c:\users\vanja\source\repos\uitpad\uitpad\x64\debug\qt\moc\moc_mainwindow.cpp
c:\users\vanja\source\repos\uitpad\uitpad\x64\debug\qt\moc\moc_texteditor.cpp
c:\users\vanja\source\repos\uitpad\uitpad\x64\debug\qt\rcc\qrc_uitpad.cpp
c:\users\vanja\source\repos\uitpad\uitpad\x64\debug\qt\uic\ui_uitpad.h
c:\users\vanja\source\repos\uitpad\uitpad\x64\debug\qt\moc\moc_uitpad.cpp
c:\users\vanja\source\repos\uitpad\uitpad\x64\debug\uitpad.ilk
c:\users\vanja\source\repos\uitpad\uitpad\x64\debug\main.obj
c:\users\vanja\source\repos\uitpad\uitpad\x64\debug\uitpad.obj
c:\users\vanja\source\repos\uitpad\uitpad\x64\debug\uitpad.res
c:\users\vanja\source\repos\uitpad\uitpad\x64\debug\uitpad.tlog\cl.command.1.tlog
c:\users\vanja\source\repos\uitpad\uitpad\x64\debug\uitpad.tlog\cl.items.tlog
c:\users\vanja\source\repos\uitpad\uitpad\x64\debug\uitpad.tlog\cl.read.1.tlog
c:\users\vanja\source\repos\uitpad\uitpad\x64\debug\uitpad.tlog\cl.write.1.tlog
c:\users\vanja\source\repos\uitpad\uitpad\x64\debug\uitpad.tlog\link.command.1.tlog
c:\users\vanja\source\repos\uitpad\uitpad\x64\debug\uitpad.tlog\link.read.1.tlog
c:\users\vanja\source\repos\uitpad\uitpad\x64\debug\uitpad.tlog\link.secondary.1.tlog
c:\users\vanja\source\repos\uitpad\uitpad\x64\debug\uitpad.tlog\link.write.1.tlog
c:\users\vanja\source\repos\uitpad\uitpad\x64\debug\uitpad.tlog\moc.read.1u.tlog
c:\users\vanja\source\repos\uitpad\uitpad\x64\debug\uitpad.tlog\moc.write.1u.tlog
c:\users\vanja\source\repos\uitpad\uitpad\x64\debug\uitpad.tlog\rc.command.1.tlog
c:\users\vanja\source\repos\uitpad\uitpad\x64\debug\uitpad.tlog\rcc.read.1u.tlog
c:\users\vanja\source\repos\uitpad\uitpad\x64\debug\uitpad.tlog\rcc.write.1u.tlog
c:\users\vanja\source\repos\uitpad\uitpad\x64\debug\uitpad.tlog\uic.read.1u.tlog
c:\users\vanja\source\repos\uitpad\uitpad\x64\debug\uitpad.tlog\uic.write.1u.tlog
c:\users\vanja\source\repos\uitpad\uitpad\x64\debug\uitpad.tlog\uitpad.write.1u.tlog
